// Jest Snapshot v1, https://goo.gl/fbAQLP

exports[`it works 1`] = `
.c0 {
  overflow: hidden;
  display: -webkit-box;
  display: -webkit-flex;
  display: -ms-flexbox;
  display: flex;
  position: relative;
  border-radius: 0.6rem;
  box-shadow: 0 2px 3px rgba(0,0,0,0.1);
  width: 100%;
  -webkit-align-items: center;
  -webkit-box-align: center;
  -ms-flex-align: center;
  align-items: center;
}

.c1 {
  border-style: solid;
  border-radius: 0.6rem;
  border-width: 1px;
  width: 100%;
  height: 0.75rem;
  background-color: #fafafa;
  border-color: #d4d4d4;
}

.c2 {
  position: relative;
  top: -1px;
  left: 0;
  border-radius: 0.6rem;
  width: 1.5rem;
  height: 0.75rem;
  background-color: #d4d4d4;
}

.c3 {
  -webkit-animation: igSzjp;
  animation: igSzjp;
  -webkit-transform: translateX(50%);
  -ms-transform: translateX(50%);
  transform: translateX(50%);
  left: -50%;
  -webkit-animation-iteration-count: infinite;
  animation-iteration-count: infinite;
  -webkit-animation-duration: 0.6s;
  animation-duration: 0.6s;
  -webkit-animation-direction: alternate;
  animation-direction: alternate;
  -webkit-animation-timing-function: cubic-bezier(0.68,-0.9,0.32,1.9);
  animation-timing-function: cubic-bezier(0.68,-0.9,0.32,1.9);
}

<div
  class=""
>
  <div
    class="c0"
  >
    <div
      class="c1"
    >
      <div
        class="c2 c3"
      />
    </div>
  </div>
</div>
`;
