// Jest Snapshot v1, https://goo.gl/fbAQLP

exports[`it works 1`] = `
.c0 {
  border-style: solid;
  font-size: inherit;
  font-weight: 400;
  font-family: Montserrat,sans-serif;
  line-height: 2;
  -webkit-letter-spacing: 0.025em;
  -moz-letter-spacing: 0.025em;
  -ms-letter-spacing: 0.025em;
  letter-spacing: 0.025em;
  border-bottom-width: 2px;
  color: #1a8385;
  border-bottom-color: #4AD6D8;
}

.c0:hover {
  color: #1a8385;
  border-bottom-color: #1a8385;
}

<a
  className="c0"
  href="#"
>
  Hello world
</a>
`;
