// Jest Snapshot v1, https://goo.gl/fbAQLP

exports[`it works 1`] = `
.c0 {
  position: relative;
  font-family: 'Montserrat',sans-serif;
  outline: 2px transparent;
  outline-offset: 2px;
  display: inline;
  font-size: inherit;
  line-height: inherit;
  -webkit-letter-spacing: inherit;
  -moz-letter-spacing: inherit;
  -ms-letter-spacing: inherit;
  letter-spacing: inherit;
  -webkit-text-decoration: none;
  text-decoration: none;
  color: #17a3a5;
  margin: 0 0 16px;
  -webkit-transition: background-color cubic-bezier(0.6,0.04,0.98,0.7),color cubic-bezier(0.6,0.04,0.98,0.7);
  transition: background-color cubic-bezier(0.6,0.04,0.98,0.7),color cubic-bezier(0.6,0.04,0.98,0.7);
}

.c0:focus {
  outline: 2px solid #ebc764;
}

.c0:after {
  position: absolute;
  width: 100%;
  height: 2px;
  top: 90%;
  left: 0;
  right: 0;
  background: #4AD6D8;
  content: '';
}

.c0:hover {
  color: #007072;
}

.c0:hover:after {
  background: #17a3a5;
}

<a
  className="c0"
  href="#"
>
  venenatis
</a>
`;
